// Jest Snapshot v1, https://goo.gl/fbAQLP

exports[`Pruebas en <RegisterScreen /> debe de mostrarse correctamente 1`] = `
Array [
  <h2
    className="auth__title"
  >
    Registro
  </h2>,
  <form
    className="animate__animated animate__fadeIn animate__faster"
    onSubmit={[Function]}
  >
    <input
      autoComplete="off"
      className="auth__input"
      name="name"
      onChange={[Function]}
      placeholder="Nombre"
      type="text"
      value="Hernando"
    />
    <input
      autoComplete="off"
      className="auth__input"
      name="email"
      onChange={[Function]}
      placeholder="Correo"
      type="text"
      value="nando@gmail.com"
    />
    <input
      className="auth__input"
      name="password"
      onChange={[Function]}
      placeholder="Contraseña"
      type="password"
      value="123456"
    />
    <input
      className="auth__input"
      name="password2"
      onChange={[Function]}
      placeholder="Confirmar Contraseña"
      type="password"
      value="123456"
    />
    <button
      className="btn btn-primary btn-block mb-5"
      type="submit"
    >
      Registrar
    </button>
    <div
      className="text-center"
    >
      <a
        className="link"
        href="/auth/login"
        onClick={[Function]}
      >
        ¿Ya tienes una cuenta?
      </a>
    </div>
  </form>,
]
`;
