// Jest Snapshot v1, https://goo.gl/fbAQLP

exports[`Pruebas en <NoteScreen /> debe de mostrarse correctamente 1`] = `
<div
  className="notes__main-content"
>
  <div
    className="notes__appbar"
  >
    <span>
      31 de Diciembre 1969
    </span>
    <input
      id="fileSelector"
      name="file"
      onChange={[Function]}
      style={
        Object {
          "display": "none",
        }
      }
      type="file"
    />
    <div>
      <button
        className="btn btn-danger btn-custom"
        onClick={[Function]}
      >
        Borrar
      </button>
      <button
        className="btn"
        onClick={[Function]}
      >
        Imagen
      </button>
      <button
        className="btn"
        onClick={[Function]}
      >
        Guardar
      </button>
    </div>
  </div>
  <div
    className="notes__content"
  >
    <input
      autoComplete="off"
      className="notes__title-input"
      name="title"
      onChange={[Function]}
      placeholder="Un increíble título"
      type="text"
      value="Hola"
    />
    <textarea
      className="notes__textarea"
      name="body"
      onChange={[Function]}
      placeholder="¿Qué pasó hoy?"
      value="Mundo"
    />
  </div>
</div>
`;
